=== Starting Training Session ===
Config path: configs/MOT20/nafnet_p_r/train_MOT20_QP37.yml
Random seed set to: 7
Mixed precision (AMP): True
Using GPU device: Tesla V100-SXM2-32GB
Overall loss configuration type: human
Initializing datasets...
Using MOT20SideInfoDataset for train.
Using MOT20SideInfoDataset for test.
Initializing NAFNet with input_mode=prediction_residual, input_channels=3, output_channels=1...
Checkpoints and weights will be saved dynamically to: outputs/MOT20/NAFNet_QP37_p_r
CosineAnnealingRestartLR Scheduler initialized.
Starting training: start_epoch=1, total_epochs=224, iterations_per_epoch=893

Iter [5000/200000] | Loss: 0.012176 (Rec: 0.012176) | LR: 9.76e-04

Running validation loop...

Validation | Avg PSNR: 33.6500 dB | Avg SSIM: 0.92861

--> New best PSNR performance: 33.6500 dB! Saving best weight checkpoint...

Iter [10000/200000] | Loss: 0.011741 (Rec: 0.011741) | LR: 9.05e-04

Running validation loop...

Validation | Avg PSNR: 33.6874 dB | Avg SSIM: 0.92917

--> New best PSNR performance: 33.6874 dB! Saving best weight checkpoint...

Iter [15000/200000] | Loss: 0.011672 (Rec: 0.011672) | LR: 7.94e-04

Running validation loop...

Validation | Avg PSNR: 33.7320 dB | Avg SSIM: 0.92960

--> New best PSNR performance: 33.7320 dB! Saving best weight checkpoint...

Iter [20000/200000] | Loss: 0.011633 (Rec: 0.011633) | LR: 6.55e-04

Running validation loop...

Validation | Avg PSNR: 33.7644 dB | Avg SSIM: 0.93008

--> New best PSNR performance: 33.7644 dB! Saving best weight checkpoint...

Iter [25000/200000] | Loss: 0.011584 (Rec: 0.011584) | LR: 5.00e-04

Running validation loop...

Validation | Avg PSNR: 33.7612 dB | Avg SSIM: 0.93009

Iter [30000/200000] | Loss: 0.011555 (Rec: 0.011555) | LR: 3.46e-04

Running validation loop...

Validation | Avg PSNR: 33.7887 dB | Avg SSIM: 0.93042

--> New best PSNR performance: 33.7887 dB! Saving best weight checkpoint...

Iter [35000/200000] | Loss: 0.011510 (Rec: 0.011510) | LR: 2.06e-04

Running validation loop...

Validation | Avg PSNR: 33.7975 dB | Avg SSIM: 0.93047

--> New best PSNR performance: 33.7975 dB! Saving best weight checkpoint...

Iter [40000/200000] | Loss: 0.011494 (Rec: 0.011494) | LR: 9.56e-05

Running validation loop...

Validation | Avg PSNR: 33.8285 dB | Avg SSIM: 0.93074

--> New best PSNR performance: 33.8285 dB! Saving best weight checkpoint...

Iter [45000/200000] | Loss: 0.011475 (Rec: 0.011475) | LR: 2.46e-05

Running validation loop...

Validation | Avg PSNR: 33.8418 dB | Avg SSIM: 0.93094

--> New best PSNR performance: 33.8418 dB! Saving best weight checkpoint...

Iter [50000/200000] | Loss: 0.011472 (Rec: 0.011472) | LR: 1.00e-07

Running validation loop...

Validation | Avg PSNR: 33.8446 dB | Avg SSIM: 0.93094

--> New best PSNR performance: 33.8446 dB! Saving best weight checkpoint...

Iter [55000/200000] | Loss: 0.011527 (Rec: 0.011527) | LR: 4.88e-04

Running validation loop...

Validation | Avg PSNR: 33.8276 dB | Avg SSIM: 0.93071

Iter [60000/200000] | Loss: 0.011494 (Rec: 0.011494) | LR: 4.52e-04

Running validation loop...

Validation | Avg PSNR: 33.8481 dB | Avg SSIM: 0.93097

--> New best PSNR performance: 33.8481 dB! Saving best weight checkpoint...

Iter [65000/200000] | Loss: 0.011472 (Rec: 0.011472) | LR: 3.97e-04

Running validation loop...

Validation | Avg PSNR: 33.8604 dB | Avg SSIM: 0.93100

--> New best PSNR performance: 33.8604 dB! Saving best weight checkpoint...

Iter [70000/200000] | Loss: 0.011472 (Rec: 0.011472) | LR: 3.27e-04

Running validation loop...

Validation | Avg PSNR: 33.8750 dB | Avg SSIM: 0.93114

--> New best PSNR performance: 33.8750 dB! Saving best weight checkpoint...

Iter [75000/200000] | Loss: 0.011446 (Rec: 0.011446) | LR: 2.50e-04

Running validation loop...

Validation | Avg PSNR: 33.8798 dB | Avg SSIM: 0.93123

--> New best PSNR performance: 33.8798 dB! Saving best weight checkpoint...

Iter [80000/200000] | Loss: 0.011426 (Rec: 0.011426) | LR: 1.73e-04

Running validation loop...

Validation | Avg PSNR: 33.8935 dB | Avg SSIM: 0.93137

--> New best PSNR performance: 33.8935 dB! Saving best weight checkpoint...

Iter [85000/200000] | Loss: 0.011409 (Rec: 0.011409) | LR: 1.03e-04

Running validation loop...

Validation | Avg PSNR: 33.9030 dB | Avg SSIM: 0.93142

--> New best PSNR performance: 33.9030 dB! Saving best weight checkpoint...

Iter [90000/200000] | Loss: 0.011377 (Rec: 0.011377) | LR: 4.78e-05

Running validation loop...

Validation | Avg PSNR: 33.9078 dB | Avg SSIM: 0.93149

--> New best PSNR performance: 33.9078 dB! Saving best weight checkpoint...

Iter [95000/200000] | Loss: 0.011384 (Rec: 0.011384) | LR: 1.23e-05

Running validation loop...

Validation | Avg PSNR: 33.9096 dB | Avg SSIM: 0.93155

--> New best PSNR performance: 33.9096 dB! Saving best weight checkpoint...

Iter [100000/200000] | Loss: 0.011360 (Rec: 0.011360) | LR: 1.00e-07

Running validation loop...

Validation | Avg PSNR: 33.9104 dB | Avg SSIM: 0.93155

--> New best PSNR performance: 33.9104 dB! Saving best weight checkpoint...

Iter [105000/200000] | Loss: 0.011432 (Rec: 0.011432) | LR: 4.88e-04

Running validation loop...

Validation | Avg PSNR: 33.8722 dB | Avg SSIM: 0.93120

Iter [110000/200000] | Loss: 0.011451 (Rec: 0.011451) | LR: 4.52e-04

Running validation loop...

Validation | Avg PSNR: 33.8850 dB | Avg SSIM: 0.93110

Iter [115000/200000] | Loss: 0.011415 (Rec: 0.011415) | LR: 3.97e-04

Running validation loop...

Validation | Avg PSNR: 33.8905 dB | Avg SSIM: 0.93135

Iter [120000/200000] | Loss: 0.011444 (Rec: 0.011444) | LR: 3.27e-04

Running validation loop...

Validation | Avg PSNR: 33.8938 dB | Avg SSIM: 0.93115

Iter [125000/200000] | Loss: 0.011399 (Rec: 0.011399) | LR: 2.50e-04

Running validation loop...

Validation | Avg PSNR: 33.9054 dB | Avg SSIM: 0.93139

Iter [130000/200000] | Loss: 0.011380 (Rec: 0.011380) | LR: 1.73e-04

Running validation loop...

Validation | Avg PSNR: 33.9111 dB | Avg SSIM: 0.93156

--> New best PSNR performance: 33.9111 dB! Saving best weight checkpoint...

Iter [135000/200000] | Loss: 0.011358 (Rec: 0.011358) | LR: 1.03e-04

Running validation loop...

Validation | Avg PSNR: 33.9149 dB | Avg SSIM: 0.93163

--> New best PSNR performance: 33.9149 dB! Saving best weight checkpoint...

Iter [140000/200000] | Loss: 0.011339 (Rec: 0.011339) | LR: 4.78e-05

Running validation loop...

Validation | Avg PSNR: 33.9249 dB | Avg SSIM: 0.93165

--> New best PSNR performance: 33.9249 dB! Saving best weight checkpoint...

Iter [145000/200000] | Loss: 0.011358 (Rec: 0.011358) | LR: 1.23e-05

Running validation loop...

Validation | Avg PSNR: 33.9267 dB | Avg SSIM: 0.93171

--> New best PSNR performance: 33.9267 dB! Saving best weight checkpoint...

Iter [150000/200000] | Loss: 0.011313 (Rec: 0.011313) | LR: 1.00e-07

Running validation loop...

Validation | Avg PSNR: 33.9283 dB | Avg SSIM: 0.93173

--> New best PSNR performance: 33.9283 dB! Saving best weight checkpoint...

Iter [155000/200000] | Loss: 0.011427 (Rec: 0.011427) | LR: 4.88e-04

Running validation loop...

Validation | Avg PSNR: 33.8955 dB | Avg SSIM: 0.93116

Iter [160000/200000] | Loss: 0.011415 (Rec: 0.011415) | LR: 4.52e-04

Running validation loop...

Validation | Avg PSNR: 33.9000 dB | Avg SSIM: 0.93140

Iter [165000/200000] | Loss: 0.011404 (Rec: 0.011404) | LR: 3.97e-04

Running validation loop...

Validation | Avg PSNR: 33.9022 dB | Avg SSIM: 0.93145

Iter [170000/200000] | Loss: 0.011389 (Rec: 0.011389) | LR: 3.27e-04

Running validation loop...

Validation | Avg PSNR: 33.9130 dB | Avg SSIM: 0.93163

Iter [175000/200000] | Loss: 0.011369 (Rec: 0.011369) | LR: 2.50e-04

Running validation loop...

Validation | Avg PSNR: 33.9116 dB | Avg SSIM: 0.93168

Iter [180000/200000] | Loss: 0.011359 (Rec: 0.011359) | LR: 1.73e-04

Running validation loop...

Validation | Avg PSNR: 33.9295 dB | Avg SSIM: 0.93172

--> New best PSNR performance: 33.9295 dB! Saving best weight checkpoint...

Iter [185000/200000] | Loss: 0.011351 (Rec: 0.011351) | LR: 1.03e-04

Running validation loop...

Validation | Avg PSNR: 33.9293 dB | Avg SSIM: 0.93183

Iter [190000/200000] | Loss: 0.011311 (Rec: 0.011311) | LR: 4.78e-05

Running validation loop...

Validation | Avg PSNR: 33.9347 dB | Avg SSIM: 0.93183

--> New best PSNR performance: 33.9347 dB! Saving best weight checkpoint...

Iter [195000/200000] | Loss: 0.011306 (Rec: 0.011306) | LR: 1.23e-05

Running validation loop...

Validation | Avg PSNR: 33.9395 dB | Avg SSIM: 0.93190

--> New best PSNR performance: 33.9395 dB! Saving best weight checkpoint...

Iter [200000/200000] | Loss: 0.011316 (Rec: 0.011316) | LR: 1.00e-07

Running validation loop...

Validation | Avg PSNR: 33.9392 dB | Avg SSIM: 0.93188

=== Training Session Finished ===
=== Starting Training Session ===
Config path: configs/MOT20/nafnet_p_r/train_MOT20_QP37.yml
Random seed set to: 7
Mixed precision (AMP): True
Using GPU device: Tesla V100-SXM2-32GB
Overall loss configuration type: human
Initializing datasets...
Using MOT20SideInfoDataset for train.
Using MOT20SideInfoDataset for test.
Initializing NAFNet with input_mode=prediction_residual, input_channels=3, output_channels=1...
Checkpoints and weights will be saved dynamically to: outputs/MOT20/NAFNet_QP37_p_r
CosineAnnealingRestartLR Scheduler initialized.
Loading checkpoint from outputs/MOT20/NAFNet_QP37_p_r/latest.pt...
Resumed from iteration 200000 (best PSNR: 33.9395, best mAP@50: -1.0000)
Starting training: start_epoch=224, total_epochs=224, iterations_per_epoch=893

=== Training Session Finished ===
