=== Starting Training Session ===
Config path: configs/MOT20/nafnet_p_r/train_MOT20_QP37.yml
Random seed set to: 7
Mixed precision (AMP): True
CUDA is unavailable; using CPU with AMP disabled.
Overall loss configuration type: human
Initializing datasets...
Using MOT20SideInfoDataset for train.
Using MOT20SideInfoDataset for test.
Initializing NAFNet with input_mode=prediction_residual, input_channels=3, output_channels=1...
Checkpoints and weights will be saved dynamically to: outputs/MOT20/NAFNet_QP37_p_r
No LR Scheduler active (or dry-run).
Starting training: start_epoch=1, total_epochs=1, iterations_per_epoch=3572

Iter [1/5] | Loss: 0.044549 (Rec: 0.044549) | LR: 1.00e-03

Iter [2/5] | Loss: 0.031051 (Rec: 0.031051) | LR: 1.00e-03

Iter [3/5] | Loss: 0.031166 (Rec: 0.031166) | LR: 1.00e-03

Iter [4/5] | Loss: 0.027782 (Rec: 0.027782) | LR: 1.00e-03

Iter [5/5] | Loss: 0.023631 (Rec: 0.023631) | LR: 1.00e-03

Running validation loop...

Validation | Avg PSNR: 30.9337 dB | Avg SSIM: 0.82291

=== Training Session Finished ===
=== Starting Training Session ===
Config path: configs/MOT20/nafnet_p_r/train_MOT20_QP37.yml
Random seed set to: 7
Mixed precision (AMP): True
CUDA is unavailable; using CPU with AMP disabled.
Overall loss configuration type: human
Initializing datasets...
Using MOT20SideInfoDataset for train.
Using MOT20SideInfoDataset for test.
Initializing NAFNet with input_mode=prediction_residual, input_channels=3, output_channels=1...
Checkpoints and weights will be saved dynamically to: outputs/MOT20/NAFNet_QP37_p_r
No LR Scheduler active (or dry-run).
Starting training: start_epoch=1, total_epochs=1, iterations_per_epoch=3572

Iter [1/5] | Loss: 0.044549 (Rec: 0.044549) | LR: 1.00e-03

Iter [2/5] | Loss: 0.031051 (Rec: 0.031051) | LR: 1.00e-03

Iter [3/5] | Loss: 0.031166 (Rec: 0.031166) | LR: 1.00e-03

Iter [4/5] | Loss: 0.027782 (Rec: 0.027782) | LR: 1.00e-03

Iter [5/5] | Loss: 0.023631 (Rec: 0.023631) | LR: 1.00e-03

Running validation loop...

Validation | Avg PSNR: 30.9337 dB | Avg SSIM: 0.82291

=== Training Session Finished ===
