=== Starting Training Session ===
Config path: configs/MOT20/nafnet_sideinfo/train_MOT20_QP22.yml
Random seed set to: 7
Mixed precision (AMP): True
CUDA is unavailable; using CPU with AMP disabled.
Overall loss configuration type: human
Initializing datasets...
Using MOT20SideInfoDataset for train.
Using MOT20SideInfoDataset for test.
Initializing attention-fused NAFNetSideInfo model...
Checkpoints and weights will be saved dynamically to: outputs/MOT20/NAFNet_QP22_sideinfo
No LR Scheduler active (or dry-run).
Starting training: start_epoch=1, total_epochs=1, iterations_per_epoch=3572

Iter [1/5] | Loss: 0.041283 (Rec: 0.041283) | LR: 1.00e-04

Iter [2/5] | Loss: 0.039638 (Rec: 0.039638) | LR: 1.00e-04

Iter [3/5] | Loss: 0.037102 (Rec: 0.037102) | LR: 1.00e-04

Iter [4/5] | Loss: 0.036751 (Rec: 0.036751) | LR: 1.00e-04

Iter [5/5] | Loss: 0.033217 (Rec: 0.033217) | LR: 1.00e-04

Running validation loop...

Validation | Avg PSNR: 25.2997 dB | Avg SSIM: 0.65686

=== Training Session Finished ===
